2026-02-07 00:14:08,751 - INFO - \U0001f504 Loading Subscriptions from Database...
2026-02-07 00:14:09,209 - INFO - \u2705 Loaded 6 active subscriptions from DB.
2026-02-07 00:14:09,210 - INFO -    - Master: 270852965 -> Slave: 270852965
2026-02-07 00:14:09,211 - INFO -    - Master: 270852965 -> Slave: 25285165
2026-02-07 00:14:09,211 - INFO -    - Master: 270870850 -> Slave: 433062757
2026-02-07 00:14:09,212 - INFO -    - Master: 270870850 -> Slave: 270852996
2026-02-07 00:14:09,213 - INFO -    - Master: 270870850 -> Slave: 270852996
2026-02-07 00:14:09,213 - INFO -    - Master: 270870850 -> Slave: 313831
2026-02-07 00:14:09,236 - INFO - \u26a0 MT5 not initialized. Attempting initialize()...
2026-02-07 00:14:09,238 - INFO -    -> Using path: D:\Copy-Trade\Client-demo -- v1.5\Client-demo\trading-service\MT5_Instances\Master_270852965\terminal64.exe
2026-02-07 00:14:42,438 - INFO -    \u2717 mt5.initialize() Failed (Attempt 1): (-10005, 'IPC timeout')
2026-02-07 00:14:42,439 - INFO -      -> IPC Timeout detected. Skipping aggressive kill to protect other instances...
2026-02-07 00:14:42,442 - INFO -      -> Waiting 5s before retry...
2026-02-07 00:14:47,444 - INFO -      -> Manually relaunching MT5 from: D:\Copy-Trade\Client-demo -- v1.5\Client-demo\trading-service\MT5_Instances\Master_270852965\terminal64.exe
2026-02-07 00:14:47,445 - INFO -      -> Injecting Credentials for Auto-Login: 270852965
2026-02-07 00:14:47,478 - INFO -      -> Process launched with CWD: D:\Copy-Trade\Client-demo -- v1.5\Client-demo\trading-service\MT5_Instances\Master_270852965
2026-02-07 00:14:47,479 - INFO -      -> Waiting 20s for GUI to load and popups to appear...
2026-02-07 00:15:07,492 - INFO -      -> Popups closed. Ready for connection attempt.
2026-02-07 00:15:42,687 - INFO -    \u2717 mt5.initialize() Failed (Attempt 2): (-10005, 'IPC timeout')
2026-02-07 00:15:42,688 - INFO -      -> IPC Timeout detected. Skipping aggressive kill to protect other instances...
2026-02-07 00:15:42,689 - INFO -      -> Waiting 5s before retry...
2026-02-07 00:15:47,691 - INFO -      -> Manually relaunching MT5 from: D:\Copy-Trade\Client-demo -- v1.5\Client-demo\trading-service\MT5_Instances\Master_270852965\terminal64.exe
2026-02-07 00:15:47,692 - INFO -      -> Injecting Credentials for Auto-Login: 270852965
2026-02-07 00:15:47,729 - INFO -      -> Process launched with CWD: D:\Copy-Trade\Client-demo -- v1.5\Client-demo\trading-service\MT5_Instances\Master_270852965
2026-02-07 00:15:47,730 - INFO -      -> Waiting 20s for GUI to load and popups to appear...
2026-02-07 00:16:07,738 - INFO -      -> Popups closed. Ready for connection attempt.
2026-02-07 00:16:43,007 - INFO -    \u2717 mt5.initialize() Failed (Attempt 3): (-10005, 'IPC timeout')
2026-02-07 00:16:43,007 - INFO -      -> IPC Timeout detected. Skipping aggressive kill to protect other instances...
2026-02-07 00:16:43,008 - INFO -      -> Waiting 5s before retry...
2026-02-07 00:16:48,010 - INFO -      -> Manually relaunching MT5 from: D:\Copy-Trade\Client-demo -- v1.5\Client-demo\trading-service\MT5_Instances\Master_270852965\terminal64.exe
2026-02-07 00:16:48,010 - INFO -      -> Injecting Credentials for Auto-Login: 270852965
2026-02-07 00:16:48,029 - INFO -      -> Process launched with CWD: D:\Copy-Trade\Client-demo -- v1.5\Client-demo\trading-service\MT5_Instances\Master_270852965
2026-02-07 00:16:48,029 - INFO -      -> Waiting 20s for GUI to load and popups to appear...
2026-02-07 00:17:08,131 - INFO -      -> Popups closed. Ready for connection attempt.
2026-02-07 00:17:43,413 - INFO -    \u2717 mt5.initialize() Failed (Attempt 4): (-10005, 'IPC timeout')
2026-02-07 00:17:43,413 - INFO -      -> IPC Timeout detected. Skipping aggressive kill to protect other instances...
2026-02-07 00:17:43,414 - INFO -      -> Waiting 5s before retry...
2026-02-07 00:17:48,415 - INFO -      -> Manually relaunching MT5 from: D:\Copy-Trade\Client-demo -- v1.5\Client-demo\trading-service\MT5_Instances\Master_270852965\terminal64.exe
2026-02-07 00:17:48,415 - INFO -      -> Injecting Credentials for Auto-Login: 270852965
2026-02-07 00:17:48,429 - INFO -      -> Process launched with CWD: D:\Copy-Trade\Client-demo -- v1.5\Client-demo\trading-service\MT5_Instances\Master_270852965
2026-02-07 00:17:48,429 - INFO -      -> Waiting 20s for GUI to load and popups to appear...
