2026-01-31 13:05:21,895 - INFO - \u2705 Found Subscription File: subscriptions_v2.json
2026-01-31 13:05:21,985 - INFO - \U0001f4c2 Loaded Subscriptions from subscriptions_v2.json
2026-01-31 13:05:22,023 - INFO - \u2705 Parsed 1 subscriptions.
2026-01-31 13:05:22,023 - INFO -    - Master: REPLACE_WITH_MASTER_ID -> Slave: uup
2026-01-31 13:05:22,025 - INFO - \U0001f4c2 Loaded Subscriptions from subscriptions_v2.json
2026-01-31 13:05:22,025 - INFO - \u2705 Parsed 1 subscriptions.
2026-01-31 13:05:22,026 - INFO -    - Master: REPLACE_WITH_MASTER_ID -> Slave: uup
2026-01-31 13:05:22,057 - INFO - \U0001f527 Force-Login Triggered for REPLACE_WITH_MASTER_ID...
2026-01-31 13:05:22,058 - INFO -    \U0001f511 Credentials: ID=REPLACE_WITH_MASTER_ID Server=REPLACE_WITH_MASTER_SERVER Pass=RE***RD (Len=28)
2026-01-31 13:05:22,058 - INFO - \u2717 Worker Error: invalid literal for int() with base 10: 'REPLACE_WITH_MASTER_ID'
2026-01-31 13:05:27,066 - INFO - \u2713 MT5 Already Initialized (Connected: True)
2026-01-31 13:05:27,849 - INFO - \u2717 Master Login Failed REPLACE_WITH_MASTER_ID: Login Exception: invalid literal for int() with base 10: 'REPLACE_WITH_MASTER_ID'
2026-01-31 13:05:27,952 - INFO - \u2713 MT5 Already Initialized (Connected: True)
2026-01-31 13:05:28,732 - INFO - \u2717 Master Login Failed REPLACE_WITH_MASTER_ID: Login Exception: invalid literal for int() with base 10: 'REPLACE_WITH_MASTER_ID'
2026-01-31 13:05:28,835 - INFO - \u2713 MT5 Already Initialized (Connected: True)
2026-01-31 13:05:29,654 - INFO - \u2717 Master Login Failed REPLACE_WITH_MASTER_ID: Login Exception: invalid literal for int() with base 10: 'REPLACE_WITH_MASTER_ID'
2026-01-31 13:05:29,758 - INFO - \u2713 MT5 Already Initialized (Connected: True)
2026-01-31 13:05:30,543 - INFO - \u2717 Master Login Failed REPLACE_WITH_MASTER_ID: Login Exception: invalid literal for int() with base 10: 'REPLACE_WITH_MASTER_ID'
2026-01-31 13:05:30,647 - INFO - \u2713 MT5 Already Initialized (Connected: True)
2026-01-31 13:05:31,438 - INFO - \u2717 Master Login Failed REPLACE_WITH_MASTER_ID: Login Exception: invalid literal for int() with base 10: 'REPLACE_WITH_MASTER_ID'
2026-01-31 13:05:31,543 - INFO - \u2713 MT5 Already Initialized (Connected: True)
2026-01-31 13:05:32,377 - INFO - \u2717 Master Login Failed REPLACE_WITH_MASTER_ID: Login Exception: invalid literal for int() with base 10: 'REPLACE_WITH_MASTER_ID'
2026-01-31 13:05:32,482 - INFO - \u2713 MT5 Already Initialized (Connected: True)
2026-01-31 13:05:33,271 - INFO - \u2717 Master Login Failed REPLACE_WITH_MASTER_ID: Login Exception: invalid literal for int() with base 10: 'REPLACE_WITH_MASTER_ID'
2026-01-31 13:05:33,375 - INFO - \u2713 MT5 Already Initialized (Connected: True)
2026-01-31 13:05:34,158 - INFO - \u2717 Master Login Failed REPLACE_WITH_MASTER_ID: Login Exception: invalid literal for int() with base 10: 'REPLACE_WITH_MASTER_ID'
2026-01-31 13:05:34,261 - INFO - \u2713 MT5 Already Initialized (Connected: True)
2026-01-31 13:05:35,043 - INFO - \u2717 Master Login Failed REPLACE_WITH_MASTER_ID: Login Exception: invalid literal for int() with base 10: 'REPLACE_WITH_MASTER_ID'
2026-01-31 13:05:35,147 - INFO - \u2713 MT5 Already Initialized (Connected: True)
2026-01-31 13:05:35,941 - INFO - \u2717 Master Login Failed REPLACE_WITH_MASTER_ID: Login Exception: invalid literal for int() with base 10: 'REPLACE_WITH_MASTER_ID'
2026-01-31 13:05:36,045 - INFO - \u2713 MT5 Already Initialized (Connected: True)
2026-01-31 13:05:36,826 - INFO - \u2717 Master Login Failed REPLACE_WITH_MASTER_ID: Login Exception: invalid literal for int() with base 10: 'REPLACE_WITH_MASTER_ID'
2026-01-31 13:05:36,933 - INFO - \u2713 MT5 Already Initialized (Connected: True)
2026-01-31 13:05:37,716 - INFO - \u2717 Master Login Failed REPLACE_WITH_MASTER_ID: Login Exception: invalid literal for int() with base 10: 'REPLACE_WITH_MASTER_ID'
2026-01-31 13:05:37,822 - INFO - \u2713 MT5 Already Initialized (Connected: True)
2026-01-31 13:05:38,621 - INFO - \u2717 Master Login Failed REPLACE_WITH_MASTER_ID: Login Exception: invalid literal for int() with base 10: 'REPLACE_WITH_MASTER_ID'
2026-01-31 13:05:38,725 - INFO - \u2713 MT5 Already Initialized (Connected: True)
2026-01-31 13:05:39,505 - INFO - \u2717 Master Login Failed REPLACE_WITH_MASTER_ID: Login Exception: invalid literal for int() with base 10: 'REPLACE_WITH_MASTER_ID'
2026-01-31 13:05:39,610 - INFO - \u2713 MT5 Already Initialized (Connected: True)
2026-01-31 13:05:40,400 - INFO - \u2717 Master Login Failed REPLACE_WITH_MASTER_ID: Login Exception: invalid literal for int() with base 10: 'REPLACE_WITH_MASTER_ID'
2026-01-31 13:05:40,507 - INFO - \u2713 MT5 Already Initialized (Connected: True)
2026-01-31 13:05:41,292 - INFO - \u2717 Master Login Failed REPLACE_WITH_MASTER_ID: Login Exception: invalid literal for int() with base 10: 'REPLACE_WITH_MASTER_ID'
2026-01-31 13:05:41,397 - INFO - \u2713 MT5 Already Initialized (Connected: True)
2026-01-31 13:05:42,180 - INFO - \u2717 Master Login Failed REPLACE_WITH_MASTER_ID: Login Exception: invalid literal for int() with base 10: 'REPLACE_WITH_MASTER_ID'
2026-01-31 13:05:42,285 - INFO - \u2713 MT5 Already Initialized (Connected: True)
2026-01-31 13:05:43,065 - INFO - \u2717 Master Login Failed REPLACE_WITH_MASTER_ID: Login Exception: invalid literal for int() with base 10: 'REPLACE_WITH_MASTER_ID'
2026-01-31 13:05:43,169 - INFO - \u2713 MT5 Already Initialized (Connected: True)
2026-01-31 13:05:43,950 - INFO - \u2717 Master Login Failed REPLACE_WITH_MASTER_ID: Login Exception: invalid literal for int() with base 10: 'REPLACE_WITH_MASTER_ID'
2026-01-31 13:05:44,053 - INFO - \u2713 MT5 Already Initialized (Connected: True)
2026-01-31 13:05:44,839 - INFO - \u2717 Master Login Failed REPLACE_WITH_MASTER_ID: Login Exception: invalid literal for int() with base 10: 'REPLACE_WITH_MASTER_ID'
2026-01-31 13:05:44,950 - INFO - \u2713 MT5 Already Initialized (Connected: True)
2026-01-31 13:05:45,782 - INFO - \u2717 Master Login Failed REPLACE_WITH_MASTER_ID: Login Exception: invalid literal for int() with base 10: 'REPLACE_WITH_MASTER_ID'
2026-01-31 13:05:45,889 - INFO - \u2713 MT5 Already Initialized (Connected: True)
2026-01-31 13:05:46,678 - INFO - \u2717 Master Login Failed REPLACE_WITH_MASTER_ID: Login Exception: invalid literal for int() with base 10: 'REPLACE_WITH_MASTER_ID'
2026-01-31 13:05:46,781 - INFO - \u2713 MT5 Already Initialized (Connected: True)
2026-01-31 13:05:47,565 - INFO - \u2717 Master Login Failed REPLACE_WITH_MASTER_ID: Login Exception: invalid literal for int() with base 10: 'REPLACE_WITH_MASTER_ID'
2026-01-31 13:05:47,669 - INFO - \u2713 MT5 Already Initialized (Connected: True)
2026-01-31 13:05:48,499 - INFO - \u2717 Master Login Failed REPLACE_WITH_MASTER_ID: Login Exception: invalid literal for int() with base 10: 'REPLACE_WITH_MASTER_ID'
2026-01-31 13:05:48,607 - INFO - \u2713 MT5 Already Initialized (Connected: True)
2026-01-31 13:05:49,400 - INFO - \u2717 Master Login Failed REPLACE_WITH_MASTER_ID: Login Exception: invalid literal for int() with base 10: 'REPLACE_WITH_MASTER_ID'
2026-01-31 13:05:49,503 - INFO - \u2713 MT5 Already Initialized (Connected: True)
2026-01-31 13:05:50,289 - INFO - \u2717 Master Login Failed REPLACE_WITH_MASTER_ID: Login Exception: invalid literal for int() with base 10: 'REPLACE_WITH_MASTER_ID'
2026-01-31 13:05:50,392 - INFO - \u2713 MT5 Already Initialized (Connected: True)
2026-01-31 13:05:51,178 - INFO - \u2717 Master Login Failed REPLACE_WITH_MASTER_ID: Login Exception: invalid literal for int() with base 10: 'REPLACE_WITH_MASTER_ID'
2026-01-31 13:05:51,281 - INFO - \u2713 MT5 Already Initialized (Connected: True)
2026-01-31 13:05:52,059 - INFO - \u2717 Master Login Failed REPLACE_WITH_MASTER_ID: Login Exception: invalid literal for int() with base 10: 'REPLACE_WITH_MASTER_ID'
2026-01-31 13:05:52,161 - INFO - \u2713 MT5 Already Initialized (Connected: True)
2026-01-31 13:05:52,946 - INFO - \u2717 Master Login Failed REPLACE_WITH_MASTER_ID: Login Exception: invalid literal for int() with base 10: 'REPLACE_WITH_MASTER_ID'
2026-01-31 13:05:53,050 - INFO - \u2713 MT5 Already Initialized (Connected: True)
2026-01-31 13:05:53,831 - INFO - \u2717 Master Login Failed REPLACE_WITH_MASTER_ID: Login Exception: invalid literal for int() with base 10: 'REPLACE_WITH_MASTER_ID'
2026-01-31 13:05:53,936 - INFO - \u2713 MT5 Already Initialized (Connected: True)
2026-01-31 13:05:54,722 - INFO - \u2717 Master Login Failed REPLACE_WITH_MASTER_ID: Login Exception: invalid literal for int() with base 10: 'REPLACE_WITH_MASTER_ID'
2026-01-31 13:05:54,826 - INFO - \u2713 MT5 Already Initialized (Connected: True)
2026-01-31 13:05:55,621 - INFO - \u2717 Master Login Failed REPLACE_WITH_MASTER_ID: Login Exception: invalid literal for int() with base 10: 'REPLACE_WITH_MASTER_ID'
2026-01-31 13:05:55,724 - INFO - \u2713 MT5 Already Initialized (Connected: True)
2026-01-31 13:05:56,519 - INFO - \u2717 Master Login Failed REPLACE_WITH_MASTER_ID: Login Exception: invalid literal for int() with base 10: 'REPLACE_WITH_MASTER_ID'
2026-01-31 13:05:56,623 - INFO - \u2713 MT5 Already Initialized (Connected: True)
2026-01-31 13:05:57,409 - INFO - \u2717 Master Login Failed REPLACE_WITH_MASTER_ID: Login Exception: invalid literal for int() with base 10: 'REPLACE_WITH_MASTER_ID'
2026-01-31 13:05:57,513 - INFO - \u2713 MT5 Already Initialized (Connected: True)
2026-01-31 13:05:58,334 - INFO - \u2717 Master Login Failed REPLACE_WITH_MASTER_ID: Login Exception: invalid literal for int() with base 10: 'REPLACE_WITH_MASTER_ID'
2026-01-31 13:05:58,439 - INFO - \u2713 MT5 Already Initialized (Connected: True)
2026-01-31 13:05:59,235 - INFO - \u2717 Master Login Failed REPLACE_WITH_MASTER_ID: Login Exception: invalid literal for int() with base 10: 'REPLACE_WITH_MASTER_ID'
2026-01-31 13:05:59,341 - INFO - \u2713 MT5 Already Initialized (Connected: True)
2026-01-31 13:06:00,131 - INFO - \u2717 Master Login Failed REPLACE_WITH_MASTER_ID: Login Exception: invalid literal for int() with base 10: 'REPLACE_WITH_MASTER_ID'
2026-01-31 13:06:00,237 - INFO - \u2713 MT5 Already Initialized (Connected: True)
2026-01-31 13:06:01,041 - INFO - \u2717 Master Login Failed REPLACE_WITH_MASTER_ID: Login Exception: invalid literal for int() with base 10: 'REPLACE_WITH_MASTER_ID'
2026-01-31 13:06:01,146 - INFO - \u2713 MT5 Already Initialized (Connected: True)
2026-01-31 13:06:01,939 - INFO - \u2717 Master Login Failed REPLACE_WITH_MASTER_ID: Login Exception: invalid literal for int() with base 10: 'REPLACE_WITH_MASTER_ID'
2026-01-31 13:06:02,043 - INFO - \u2713 MT5 Already Initialized (Connected: True)
2026-01-31 13:06:02,827 - INFO - \u2717 Master Login Failed REPLACE_WITH_MASTER_ID: Login Exception: invalid literal for int() with base 10: 'REPLACE_WITH_MASTER_ID'
2026-01-31 13:06:02,934 - INFO - \u2713 MT5 Already Initialized (Connected: True)
2026-01-31 13:06:03,719 - INFO - \u2717 Master Login Failed REPLACE_WITH_MASTER_ID: Login Exception: invalid literal for int() with base 10: 'REPLACE_WITH_MASTER_ID'
2026-01-31 13:06:03,823 - INFO - \u2713 MT5 Already Initialized (Connected: True)
2026-01-31 13:06:04,602 - INFO - \u2717 Master Login Failed REPLACE_WITH_MASTER_ID: Login Exception: invalid literal for int() with base 10: 'REPLACE_WITH_MASTER_ID'
2026-01-31 13:06:04,706 - INFO - \u2713 MT5 Already Initialized (Connected: True)
2026-01-31 13:06:05,497 - INFO - \u2717 Master Login Failed REPLACE_WITH_MASTER_ID: Login Exception: invalid literal for int() with base 10: 'REPLACE_WITH_MASTER_ID'
2026-01-31 13:06:05,600 - INFO - \u2713 MT5 Already Initialized (Connected: True)
2026-01-31 13:06:06,387 - INFO - \u2717 Master Login Failed REPLACE_WITH_MASTER_ID: Login Exception: invalid literal for int() with base 10: 'REPLACE_WITH_MASTER_ID'
2026-01-31 13:06:06,490 - INFO - \u2713 MT5 Already Initialized (Connected: True)
2026-01-31 13:06:07,275 - INFO - \u2717 Master Login Failed REPLACE_WITH_MASTER_ID: Login Exception: invalid literal for int() with base 10: 'REPLACE_WITH_MASTER_ID'
2026-01-31 13:06:07,379 - INFO - \u2713 MT5 Already Initialized (Connected: True)
2026-01-31 13:06:08,169 - INFO - \u2717 Master Login Failed REPLACE_WITH_MASTER_ID: Login Exception: invalid literal for int() with base 10: 'REPLACE_WITH_MASTER_ID'
2026-01-31 13:06:08,273 - INFO - \u2713 MT5 Already Initialized (Connected: True)
2026-01-31 13:06:09,086 - INFO - \u2717 Master Login Failed REPLACE_WITH_MASTER_ID: Login Exception: invalid literal for int() with base 10: 'REPLACE_WITH_MASTER_ID'
2026-01-31 13:06:09,189 - INFO - \u2713 MT5 Already Initialized (Connected: True)
2026-01-31 13:06:09,967 - INFO - \u2717 Master Login Failed REPLACE_WITH_MASTER_ID: Login Exception: invalid literal for int() with base 10: 'REPLACE_WITH_MASTER_ID'
2026-01-31 13:06:10,071 - INFO - \u2713 MT5 Already Initialized (Connected: True)
2026-01-31 13:06:10,866 - INFO - \u2717 Master Login Failed REPLACE_WITH_MASTER_ID: Login Exception: invalid literal for int() with base 10: 'REPLACE_WITH_MASTER_ID'
2026-01-31 13:06:10,971 - INFO - \u2713 MT5 Already Initialized (Connected: True)
2026-01-31 13:06:11,765 - INFO - \u2717 Master Login Failed REPLACE_WITH_MASTER_ID: Login Exception: invalid literal for int() with base 10: 'REPLACE_WITH_MASTER_ID'
2026-01-31 13:06:11,869 - INFO - \u2713 MT5 Already Initialized (Connected: True)
2026-01-31 13:06:12,669 - INFO - \u2717 Master Login Failed REPLACE_WITH_MASTER_ID: Login Exception: invalid literal for int() with base 10: 'REPLACE_WITH_MASTER_ID'
2026-01-31 13:06:12,772 - INFO - \u2713 MT5 Already Initialized (Connected: True)
2026-01-31 13:06:13,565 - INFO - \u2717 Master Login Failed REPLACE_WITH_MASTER_ID: Login Exception: invalid literal for int() with base 10: 'REPLACE_WITH_MASTER_ID'
2026-01-31 13:06:13,669 - INFO - \u2713 MT5 Already Initialized (Connected: True)
2026-01-31 13:06:14,450 - INFO - \u2717 Master Login Failed REPLACE_WITH_MASTER_ID: Login Exception: invalid literal for int() with base 10: 'REPLACE_WITH_MASTER_ID'
2026-01-31 13:06:14,555 - INFO - \u2713 MT5 Already Initialized (Connected: True)
2026-01-31 13:06:15,353 - INFO - \u2717 Master Login Failed REPLACE_WITH_MASTER_ID: Login Exception: invalid literal for int() with base 10: 'REPLACE_WITH_MASTER_ID'
2026-01-31 13:06:15,457 - INFO - \u2713 MT5 Already Initialized (Connected: True)
2026-01-31 13:06:16,257 - INFO - \u2717 Master Login Failed REPLACE_WITH_MASTER_ID: Login Exception: invalid literal for int() with base 10: 'REPLACE_WITH_MASTER_ID'
2026-01-31 13:06:16,362 - INFO - \u2713 MT5 Already Initialized (Connected: True)
2026-01-31 13:06:17,160 - INFO - \u2717 Master Login Failed REPLACE_WITH_MASTER_ID: Login Exception: invalid literal for int() with base 10: 'REPLACE_WITH_MASTER_ID'
2026-01-31 13:06:17,264 - INFO - \u2713 MT5 Already Initialized (Connected: True)
2026-01-31 13:06:18,049 - INFO - \u2717 Master Login Failed REPLACE_WITH_MASTER_ID: Login Exception: invalid literal for int() with base 10: 'REPLACE_WITH_MASTER_ID'
2026-01-31 13:06:18,152 - INFO - \u2713 MT5 Already Initialized (Connected: True)
2026-01-31 13:06:18,938 - INFO - \u2717 Master Login Failed REPLACE_WITH_MASTER_ID: Login Exception: invalid literal for int() with base 10: 'REPLACE_WITH_MASTER_ID'
2026-01-31 13:06:19,043 - INFO - \u2713 MT5 Already Initialized (Connected: True)
2026-01-31 13:06:19,835 - INFO - \u2717 Master Login Failed REPLACE_WITH_MASTER_ID: Login Exception: invalid literal for int() with base 10: 'REPLACE_WITH_MASTER_ID'
2026-01-31 13:06:19,943 - INFO - \u2713 MT5 Already Initialized (Connected: True)
2026-01-31 13:06:20,730 - INFO - \u2717 Master Login Failed REPLACE_WITH_MASTER_ID: Login Exception: invalid literal for int() with base 10: 'REPLACE_WITH_MASTER_ID'
2026-01-31 13:06:20,834 - INFO - \u2713 MT5 Already Initialized (Connected: True)
2026-01-31 13:06:21,619 - INFO - \u2717 Master Login Failed REPLACE_WITH_MASTER_ID: Login Exception: invalid literal for int() with base 10: 'REPLACE_WITH_MASTER_ID'
2026-01-31 13:06:21,724 - INFO - \u2713 MT5 Already Initialized (Connected: True)
2026-01-31 13:06:22,508 - INFO - \u2717 Master Login Failed REPLACE_WITH_MASTER_ID: Login Exception: invalid literal for int() with base 10: 'REPLACE_WITH_MASTER_ID'
2026-01-31 13:06:22,612 - INFO - \u2713 MT5 Already Initialized (Connected: True)
2026-01-31 13:06:23,395 - INFO - \u2717 Master Login Failed REPLACE_WITH_MASTER_ID: Login Exception: invalid literal for int() with base 10: 'REPLACE_WITH_MASTER_ID'
2026-01-31 13:06:23,499 - INFO - \u2713 MT5 Already Initialized (Connected: True)
2026-01-31 13:06:24,347 - INFO - \u2717 Master Login Failed REPLACE_WITH_MASTER_ID: Login Exception: invalid literal for int() with base 10: 'REPLACE_WITH_MASTER_ID'
2026-01-31 13:06:24,450 - INFO - \u2713 MT5 Already Initialized (Connected: True)
2026-01-31 13:06:25,233 - INFO - \u2717 Master Login Failed REPLACE_WITH_MASTER_ID: Login Exception: invalid literal for int() with base 10: 'REPLACE_WITH_MASTER_ID'
2026-01-31 13:06:25,336 - INFO - \u2713 MT5 Already Initialized (Connected: True)
2026-01-31 13:06:26,118 - INFO - \u2717 Master Login Failed REPLACE_WITH_MASTER_ID: Login Exception: invalid literal for int() with base 10: 'REPLACE_WITH_MASTER_ID'
2026-01-31 13:06:26,220 - INFO - \u2713 MT5 Already Initialized (Connected: True)
2026-01-31 13:06:27,001 - INFO - \u2717 Master Login Failed REPLACE_WITH_MASTER_ID: Login Exception: invalid literal for int() with base 10: 'REPLACE_WITH_MASTER_ID'
2026-01-31 13:06:27,106 - INFO - \u2713 MT5 Already Initialized (Connected: True)
2026-01-31 13:06:27,891 - INFO - \u2717 Master Login Failed REPLACE_WITH_MASTER_ID: Login Exception: invalid literal for int() with base 10: 'REPLACE_WITH_MASTER_ID'
2026-01-31 13:06:27,994 - INFO - \u2713 MT5 Already Initialized (Connected: True)
2026-01-31 13:06:28,784 - INFO - \u2717 Master Login Failed REPLACE_WITH_MASTER_ID: Login Exception: invalid literal for int() with base 10: 'REPLACE_WITH_MASTER_ID'
2026-01-31 13:06:28,889 - INFO - \u2713 MT5 Already Initialized (Connected: True)
2026-01-31 13:06:29,673 - INFO - \u2717 Master Login Failed REPLACE_WITH_MASTER_ID: Login Exception: invalid literal for int() with base 10: 'REPLACE_WITH_MASTER_ID'
2026-01-31 13:06:29,788 - INFO - \u2713 MT5 Already Initialized (Connected: True)
2026-01-31 13:06:30,579 - INFO - \u2717 Master Login Failed REPLACE_WITH_MASTER_ID: Login Exception: invalid literal for int() with base 10: 'REPLACE_WITH_MASTER_ID'
2026-01-31 13:06:30,686 - INFO - \u2713 MT5 Already Initialized (Connected: True)
2026-01-31 13:06:31,490 - INFO - \u2717 Master Login Failed REPLACE_WITH_MASTER_ID: Login Exception: invalid literal for int() with base 10: 'REPLACE_WITH_MASTER_ID'
2026-01-31 13:06:31,595 - INFO - \u2713 MT5 Already Initialized (Connected: True)
2026-01-31 13:06:32,378 - INFO - \u2717 Master Login Failed REPLACE_WITH_MASTER_ID: Login Exception: invalid literal for int() with base 10: 'REPLACE_WITH_MASTER_ID'
2026-01-31 13:06:32,481 - INFO - \u2713 MT5 Already Initialized (Connected: True)
